[dotenv@17.2.3] injecting env (0) from .env -- tip: ΓÜÖ∩╕Å  load multiple .env files with { path: ['.env.local', '.env'] }
≡ƒöì Testing Email Configuration...
Host: undefined
User: undefined
Pass: Not Set
≡ƒöî Verifying SMTP connection...
node : Γ¥î Email Test Failed!
At line:1 char:1
+ node src/testEmail.js > 
test_output.txt 2>&1
+ ~~~~~~~~~~~~~~~~~~~~~~~~~~~~~~~~~~~
~~~~~~~~~
    + CategoryInfo          : NotSpe 
   cified: (Γ¥î Email Test Failed!:  
  String) [], RemoteException
    + FullyQualifiedErrorId : Native 
   CommandError
 
Error: connect ECONNREFUSED 
127.0.0.1:587
